[1/264] v0.0.1/latest-linux.yml (0MB)
[2/264] v0.0.1/latest-mac.yml (0MB)
[3/264] v0.0.1/latest.yml (0MB)
[4/264] v0.0.1/NayaFlow-0.0.1-arm64-mac.zip (194MB)
[5/264] v0.0.1/NayaFlow-0.0.1-arm64-mac.zip.blockmap (0MB)
[6/264] v0.0.1/NayaFlow-0.0.1-arm64.dmg (200MB)
[7/264] v0.0.1/NayaFlow-0.0.1-arm64.dmg.blockmap (0MB)
[8/264] v0.0.1/NayaFlow-0.0.1-mac.zip (201MB)
[9/264] v0.0.1/NayaFlow-0.0.1-mac.zip.blockmap (0MB)
[10/264] v0.0.1/NayaFlow-0.0.1.AppImage (184MB)
[11/264] v0.0.1/NayaFlow-0.0.1.dmg (208MB)
[12/264] v0.0.1/NayaFlow-0.0.1.dmg.blockmap (0MB)
[13/264] v0.0.1/NayaFlow-Setup-0.0.1.exe (153MB)
[14/264] v0.0.1/NayaFlow-Setup-0.0.1.exe.blockmap (0MB)
[15/264] v0.0.2/latest-linux.yml (0MB)
[16/264] v0.0.2/latest-mac.yml (0MB)
[17/264] v0.0.2/latest.yml (0MB)
[18/264] v0.0.2/NayaFlow-0.0.2-arm64-mac.zip (194MB)
[19/264] v0.0.2/NayaFlow-0.0.2-arm64-mac.zip.blockmap (0MB)
[20/264] v0.0.2/NayaFlow-0.0.2-arm64.dmg (200MB)
[21/264] v0.0.2/NayaFlow-0.0.2-arm64.dmg.blockmap (0MB)
[22/264] v0.0.2/NayaFlow-0.0.2-mac.zip (202MB)
[23/264] v0.0.2/NayaFlow-0.0.2-mac.zip.blockmap (0MB)
[24/264] v0.0.2/NayaFlow-0.0.2.AppImage (184MB)
[25/264] v0.0.2/NayaFlow-0.0.2.dmg (208MB)
[26/264] v0.0.2/NayaFlow-0.0.2.dmg.blockmap (0MB)
[27/264] v0.0.2/NayaFlow-Setup-0.0.2.exe (153MB)
[28/264] v0.0.2/NayaFlow-Setup-0.0.2.exe.blockmap (0MB)
[29/264] v0.1.0/latest-linux.yml (0MB)
[30/264] v0.1.0/latest-mac.yml (0MB)
[31/264] v0.1.0/latest.yml (0MB)
[32/264] v0.1.0/NayaFlow-0.1.0-arm64-mac.zip (206MB)
[33/264] v0.1.0/NayaFlow-0.1.0-arm64-mac.zip.blockmap (0MB)
[34/264] v0.1.0/NayaFlow-0.1.0-arm64.dmg (213MB)
[35/264] v0.1.0/NayaFlow-0.1.0-arm64.dmg.blockmap (0MB)
[36/264] v0.1.0/NayaFlow-0.1.0-mac.zip (213MB)
[37/264] v0.1.0/NayaFlow-0.1.0-mac.zip.blockmap (0MB)
[38/264] v0.1.0/NayaFlow-0.1.0.AppImage (196MB)
[39/264] v0.1.0/NayaFlow-0.1.0.dmg (220MB)
[40/264] v0.1.0/NayaFlow-0.1.0.dmg.blockmap (0MB)
[41/264] v0.1.0/NayaFlow-Setup-0.1.0.exe (171MB)
[42/264] v0.1.0/NayaFlow-Setup-0.1.0.exe.blockmap (0MB)
[43/264] v0.1.1/latest-linux.yml (0MB)
[44/264] v0.1.1/latest-mac.yml (0MB)
[45/264] v0.1.1/latest.yml (0MB)
[46/264] v0.1.1/NayaFlow-0.1.1-arm64-mac.zip (195MB)
[47/264] v0.1.1/NayaFlow-0.1.1-arm64-mac.zip.blockmap (0MB)
[48/264] v0.1.1/NayaFlow-0.1.1-arm64.dmg (202MB)
[49/264] v0.1.1/NayaFlow-0.1.1-arm64.dmg.blockmap (0MB)
[50/264] v0.1.1/NayaFlow-0.1.1-mac.zip (203MB)
[51/264] v0.1.1/NayaFlow-0.1.1-mac.zip.blockmap (0MB)
[52/264] v0.1.1/NayaFlow-0.1.1.AppImage (185MB)
[53/264] v0.1.1/NayaFlow-0.1.1.dmg (209MB)
[54/264] v0.1.1/NayaFlow-0.1.1.dmg.blockmap (0MB)
[55/264] v0.1.1/NayaFlow-Setup-0.1.1.exe (154MB)
[56/264] v0.1.1/NayaFlow-Setup-0.1.1.exe.blockmap (0MB)
[57/264] v1.3.8/latest-mac.yml (0MB)
[58/264] v1.3.8/latest.yml (0MB)
[59/264] v1.3.8/NayaFlow-1.3.8-arm64-mac.zip (279MB)
[60/264] v1.3.8/NayaFlow-1.3.8-arm64-mac.zip.blockmap (0MB)
[61/264] v1.3.8/NayaFlow-1.3.8-arm64.dmg (288MB)
[62/264] v1.3.8/NayaFlow-1.3.8-arm64.dmg.blockmap (0MB)
[63/264] v1.3.8/NayaFlow-v1.3.8-app.exe (197MB)
[64/264] v1.3.8/NayaFlow-v1.3.8-setup.exe (197MB)
[65/264] v1.3.8/NayaFlow-v1.3.8-setup.exe.blockmap (0MB)
[66/264] v1.3.11/latest-mac.yml (0MB)
[67/264] v1.3.11/latest.yml (0MB)
[68/264] v1.3.11/NayaFlow-1.3.11-arm64-mac.zip (279MB)
[69/264] v1.3.11/NayaFlow-1.3.11-arm64-mac.zip.blockmap (0MB)
[70/264] v1.3.11/NayaFlow-1.3.11-arm64.dmg (288MB)
[71/264] v1.3.11/NayaFlow-1.3.11-arm64.dmg.blockmap (0MB)
[72/264] v1.3.11/NayaFlow-v1.3.11-app.exe (197MB)
[73/264] v1.3.11/NayaFlow-v1.3.11-setup.exe (197MB)
[74/264] v1.3.11/NayaFlow-v1.3.11-setup.exe.blockmap (0MB)
[75/264] v1.6.4/latest-mac.yml (0MB)
[76/264] v1.6.4/latest.yml (0MB)
[77/264] v1.6.4/NayaFlow-1.6.4-arm64-mac.zip (281MB)
[78/264] v1.6.4/NayaFlow-1.6.4-arm64-mac.zip.blockmap (0MB)
[79/264] v1.6.4/NayaFlow-1.6.4-arm64.dmg (291MB)
[80/264] v1.6.4/NayaFlow-1.6.4-arm64.dmg.blockmap (0MB)
[81/264] v1.6.4/NayaFlow-v1.6.4-app.exe (199MB)
[82/264] v1.6.4/NayaFlow-v1.6.4-setup.exe (200MB)
[83/264] v1.6.4/NayaFlow-v1.6.4-setup.exe.blockmap (0MB)
[84/264] v1.6.5/latest-mac.yml (0MB)
[85/264] v1.6.5/latest.yml (0MB)
[86/264] v1.6.5/NayaFlow-1.6.5-arm64-mac.zip (281MB)
[87/264] v1.6.5/NayaFlow-1.6.5-arm64-mac.zip.blockmap (0MB)
[88/264] v1.6.5/NayaFlow-1.6.5-arm64.dmg (291MB)
[89/264] v1.6.5/NayaFlow-1.6.5-arm64.dmg.blockmap (0MB)
[90/264] v1.6.5/NayaFlow-v1.6.5-app.exe (199MB)
[91/264] v1.6.5/NayaFlow-v1.6.5-setup.exe (200MB)
[92/264] v1.6.5/NayaFlow-v1.6.5-setup.exe.blockmap (0MB)
[93/264] v1.6.10/latest-mac.yml (0MB)
[94/264] v1.6.10/latest.yml (0MB)
[95/264] v1.6.10/NayaFlow-1.6.10-arm64-mac.zip (280MB)
[96/264] v1.6.10/NayaFlow-1.6.10-arm64-mac.zip.blockmap (0MB)
[97/264] v1.6.10/NayaFlow-1.6.10-arm64.dmg (289MB)
[98/264] v1.6.10/NayaFlow-1.6.10-arm64.dmg.blockmap (0MB)
[99/264] v1.6.10/NayaFlow-v1.6.10-app.exe (198MB)
[100/264] v1.6.10/NayaFlow-v1.6.10-setup.exe (198MB)
[101/264] v1.6.10/NayaFlow-v1.6.10-setup.exe.blockmap (0MB)
[102/264] v1.11.0/latest-mac.yml (0MB)
[103/264] v1.11.0/latest.yml (0MB)
[104/264] v1.11.0/NayaFlow-1.11.0-arm64-mac.zip (214MB)
[105/264] v1.11.0/NayaFlow-1.11.0-arm64-mac.zip.blockmap (0MB)
[106/264] v1.11.0/NayaFlow-1.11.0-arm64.dmg (221MB)
[107/264] v1.11.0/NayaFlow-1.11.0-arm64.dmg.blockmap (0MB)
[108/264] v1.11.0/NayaFlow-v1.11.0-app.exe (157MB)
[109/264] v1.11.0/NayaFlow-v1.11.0-setup.exe (158MB)
[110/264] v1.11.0/NayaFlow-v1.11.0-setup.exe.blockmap (0MB)
[111/264] v1.11.8/latest-mac.yml (0MB)
[112/264] v1.11.8/latest.yml (0MB)
[113/264] v1.11.8/NayaFlow-1.11.8-arm64-mac.zip (213MB)
[114/264] v1.11.8/NayaFlow-1.11.8-arm64-mac.zip.blockmap (0MB)
[115/264] v1.11.8/NayaFlow-arm64.dmg (221MB)
[116/264] v1.11.8/NayaFlow-arm64.dmg.blockmap (0MB)
[117/264] v1.11.8/NayaFlow-x64-setup.exe (158MB)
[118/264] v1.11.8/NayaFlow-x64-setup.exe.blockmap (0MB)
[119/264] v1.11.8/NayaFlow-x64.exe (157MB)
[120/264] v1.11.9/latest-mac.yml (0MB)
[121/264] v1.11.9/latest.yml (0MB)
[122/264] v1.11.9/NayaFlow-1.11.9-arm64-mac.zip (214MB)
[123/264] v1.11.9/NayaFlow-1.11.9-arm64-mac.zip.blockmap (0MB)
[124/264] v1.11.9/NayaFlow-arm64.dmg (221MB)
[125/264] v1.11.9/NayaFlow-arm64.dmg.blockmap (0MB)
[126/264] v1.11.9/NayaFlow-x64-setup.exe (158MB)
[127/264] v1.11.9/NayaFlow-x64-setup.exe.blockmap (0MB)
[128/264] v1.11.9/NayaFlow-x64.exe (157MB)
[129/264] v1.11.10/latest-mac.yml (0MB)
[130/264] v1.11.10/latest.yml (0MB)
[131/264] v1.11.10/NayaFlow-1.11.10-arm64-mac.zip (213MB)
[132/264] v1.11.10/NayaFlow-1.11.10-arm64-mac.zip.blockmap (0MB)
[133/264] v1.11.10/NayaFlow-arm64.dmg (221MB)
[134/264] v1.11.10/NayaFlow-arm64.dmg.blockmap (0MB)
[135/264] v1.11.10/NayaFlow-x64-setup.exe (158MB)
[136/264] v1.11.10/NayaFlow-x64-setup.exe.blockmap (0MB)
[137/264] v1.11.10/NayaFlow-x64.exe (157MB)
[138/264] v1.11.11/latest-mac.yml (0MB)
[139/264] v1.11.11/latest.yml (0MB)
[140/264] v1.11.11/NayaFlow-1.11.11-arm64-mac.zip (213MB)
[141/264] v1.11.11/NayaFlow-1.11.11-arm64-mac.zip.blockmap (0MB)
[142/264] v1.11.11/NayaFlow-arm64.dmg (221MB)
[143/264] v1.11.11/NayaFlow-arm64.dmg.blockmap (0MB)
[144/264] v1.11.11/NayaFlow-x64-setup.exe (158MB)
[145/264] v1.11.11/NayaFlow-x64-setup.exe.blockmap (0MB)
[146/264] v1.11.11/NayaFlow-x64.exe (157MB)
[147/264] v1.14.3/latest-mac.yml (0MB)
[148/264] v1.14.3/latest.yml (0MB)
[149/264] v1.14.3/NayaFlow-1.14.3-arm64-mac.zip (214MB)
[150/264] v1.14.3/NayaFlow-1.14.3-arm64-mac.zip.blockmap (0MB)
[151/264] v1.14.3/NayaFlow-arm64.dmg (221MB)
[152/264] v1.14.3/NayaFlow-arm64.dmg.blockmap (0MB)
[153/264] v1.14.3/NayaFlow-x64-setup.exe (158MB)
[154/264] v1.14.3/NayaFlow-x64-setup.exe.blockmap (0MB)
[155/264] v1.14.3/NayaFlow-x64.exe (158MB)
[156/264] v1.14.5/latest-mac.yml (0MB)
[157/264] v1.14.5/latest.yml (0MB)
[158/264] v1.14.5/NayaFlow-1.14.5-arm64-mac.zip (214MB)
[159/264] v1.14.5/NayaFlow-1.14.5-arm64-mac.zip.blockmap (0MB)
[160/264] v1.14.5/NayaFlow-arm64.dmg (221MB)
[161/264] v1.14.5/NayaFlow-arm64.dmg.blockmap (0MB)
[162/264] v1.14.5/NayaFlow-x64-setup.exe (158MB)
[163/264] v1.14.5/NayaFlow-x64-setup.exe.blockmap (0MB)
[164/264] v1.14.5/NayaFlow-x64.exe (158MB)
[165/264] v1.15.0/latest-mac.yml (0MB)
[166/264] v1.15.0/latest.yml (0MB)
[167/264] v1.15.0/NayaFlow-1.15.0-arm64-mac.zip (257MB)
[168/264] v1.15.0/NayaFlow-1.15.0-arm64-mac.zip.blockmap (0MB)
[169/264] v1.15.0/NayaFlow-arm64.dmg (266MB)
[170/264] v1.15.0/NayaFlow-arm64.dmg.blockmap (0MB)
[171/264] v1.15.0/NayaFlow-x64-setup.exe (192MB)
[172/264] v1.15.0/NayaFlow-x64-setup.exe.blockmap (0MB)
[173/264] v1.15.0/NayaFlow-x64.exe (191MB)
[174/264] v1.15.1/latest-mac.yml (0MB)
[175/264] v1.15.1/latest.yml (0MB)
[176/264] v1.15.1/NayaFlow-1.15.1-arm64-mac.zip (257MB)
[177/264] v1.15.1/NayaFlow-1.15.1-arm64-mac.zip.blockmap (0MB)
[178/264] v1.15.1/NayaFlow-arm64.dmg (267MB)
[179/264] v1.15.1/NayaFlow-arm64.dmg.blockmap (0MB)
[180/264] v1.15.1/NayaFlow-x64-setup.exe (192MB)
[181/264] v1.15.1/NayaFlow-x64-setup.exe.blockmap (0MB)
[182/264] v1.17.2/latest-mac.yml (0MB)
[183/264] v1.17.2/latest.yml (0MB)
[184/264] v1.17.2/NayaFlow-1.17.2-arm64-mac.zip (280MB)
[185/264] v1.17.2/NayaFlow-1.17.2-arm64-mac.zip.blockmap (0MB)
[186/264] v1.17.2/NayaFlow-arm64.dmg (290MB)
[187/264] v1.17.2/NayaFlow-arm64.dmg.blockmap (0MB)
[188/264] v1.17.2/NayaFlow-x64-setup.exe (213MB)
[189/264] v1.17.2/NayaFlow-x64-setup.exe.blockmap (0MB)
[190/264] v1.17.3/latest-mac-x64.yml (0MB)
[191/264] v1.17.3/latest-mac.yml (0MB)
[192/264] v1.17.3/latest.yml (0MB)
[193/264] v1.17.3/NayaFlow-1.17.3-arm64-mac.zip (280MB)
[194/264] v1.17.3/NayaFlow-1.17.3-arm64-mac.zip.blockmap (0MB)
[195/264] v1.17.3/NayaFlow-arm64.dmg (290MB)
[196/264] v1.17.3/NayaFlow-arm64.dmg.blockmap (0MB)
[197/264] v1.17.3/NayaFlow-x64-setup.exe (213MB)
[198/264] v1.17.3/NayaFlow-x64-setup.exe.blockmap (0MB)
[199/264] v1.19.1/latest-mac-x64-mac.yml (0MB)
[200/264] v1.19.1/latest-mac-x64.yml (0MB)
[201/264] v1.19.1/latest-mac.yml (0MB)
[202/264] v1.19.1/latest.yml (0MB)
[203/264] v1.19.1/NayaFlow-1.19.1-arm64-mac.zip (167MB)
[204/264] v1.19.1/NayaFlow-1.19.1-arm64-mac.zip.blockmap (0MB)
[205/264] v1.19.1/NayaFlow-arm64.dmg (174MB)
[206/264] v1.19.1/NayaFlow-arm64.dmg.blockmap (0MB)
[207/264] v1.19.1/NayaFlow-x64-setup.exe (124MB)
[208/264] v1.19.1/NayaFlow-x64-setup.exe.blockmap (0MB)
[209/264] v1.20.0/latest-intel-mac.yml (0MB)
[210/264] v1.20.0/latest-mac-x64-mac.yml (0MB)
[211/264] v1.20.0/latest-mac-x64.yml (0MB)
[212/264] v1.20.0/latest-mac.yml (0MB)
[213/264] v1.20.0/latest.yml (0MB)
[214/264] v1.20.0/NayaFlow-1.20.0-arm64-mac.zip (167MB)
[215/264] v1.20.0/NayaFlow-1.20.0-arm64-mac.zip.blockmap (0MB)
[216/264] v1.20.0/NayaFlow-1.20.0-mac.zip (176MB)
[217/264] v1.20.0/NayaFlow-1.20.0-mac.zip.blockmap (0MB)
[218/264] v1.20.0/NayaFlow-arm64.dmg (174MB)
[219/264] v1.20.0/NayaFlow-arm64.dmg.blockmap (0MB)
[220/264] v1.20.0/NayaFlow-x64-setup.exe (124MB)
[221/264] v1.20.0/NayaFlow-x64-setup.exe.blockmap (0MB)
[222/264] v1.20.0/NayaFlow-x64.dmg (182MB)
[223/264] v1.20.0/NayaFlow-x64.dmg.blockmap (0MB)
[224/264] v1.21.0/latest-intel-mac.yml (0MB)
[225/264] v1.21.0/latest-mac-x64-mac.yml (0MB)
[226/264] v1.21.0/latest-mac-x64.yml (0MB)
[227/264] v1.21.0/latest-mac.yml (0MB)
[228/264] v1.21.0/latest.yml (0MB)
[229/264] v1.21.0/NayaFlow-1.21.0-arm64-mac.zip (168MB)
[230/264] v1.21.0/NayaFlow-1.21.0-arm64-mac.zip.blockmap (0MB)
[231/264] v1.21.0/NayaFlow-1.21.0-mac.zip (176MB)
[232/264] v1.21.0/NayaFlow-1.21.0-mac.zip.blockmap (0MB)
[233/264] v1.21.0/NayaFlow-arm64.dmg (174MB)
[234/264] v1.21.0/NayaFlow-arm64.dmg.blockmap (0MB)
[235/264] v1.21.0/NayaFlow-x64-setup.exe (125MB)
[236/264] v1.21.0/NayaFlow-x64-setup.exe.blockmap (0MB)
[237/264] v1.21.0/NayaFlow-x64.dmg (182MB)
[238/264] v1.21.0/NayaFlow-x64.dmg.blockmap (0MB)
[239/264] v1.25.0/latest-intel-mac.yml (0MB)
[240/264] v1.25.0/latest-mac.yml (0MB)
[241/264] v1.25.0/latest.yml (0MB)
[242/264] v1.25.0/NayaFlow-1.25.0-arm64-mac.zip (150MB)
[243/264] v1.25.0/NayaFlow-1.25.0-arm64-mac.zip.blockmap (0MB)
[244/264] v1.25.0/NayaFlow-1.25.0-mac.zip (157MB)
[245/264] v1.25.0/NayaFlow-1.25.0-mac.zip.blockmap (0MB)
[246/264] v1.25.0/NayaFlow-arm64.dmg (155MB)
[247/264] v1.25.0/NayaFlow-arm64.dmg.blockmap (0MB)
[248/264] v1.25.0/NayaFlow-x64-setup.exe (119MB)
[249/264] v1.25.0/NayaFlow-x64-setup.exe.blockmap (0MB)
[250/264] v1.25.0/NayaFlow-x64.dmg (163MB)
[251/264] v1.25.0/NayaFlow-x64.dmg.blockmap (0MB)
[252/264] v1.25.1/latest-intel-mac.yml (0MB)
[253/264] v1.25.1/latest-mac.yml (0MB)
[254/264] v1.25.1/latest.yml (0MB)
[255/264] v1.25.1/NayaFlow-1.25.1-arm64-mac.zip (150MB)
[256/264] v1.25.1/NayaFlow-1.25.1-arm64-mac.zip.blockmap (0MB)
[257/264] v1.25.1/NayaFlow-1.25.1-mac.zip (157MB)
[258/264] v1.25.1/NayaFlow-1.25.1-mac.zip.blockmap (0MB)
[259/264] v1.25.1/NayaFlow-arm64.dmg (155MB)
[260/264] v1.25.1/NayaFlow-arm64.dmg.blockmap (0MB)
[261/264] v1.25.1/NayaFlow-x64-setup.exe (119MB)
[262/264] v1.25.1/NayaFlow-x64-setup.exe.blockmap (0MB)
[263/264] v1.25.1/NayaFlow-x64.dmg (163MB)
[264/264] v1.25.1/NayaFlow-x64.dmg.blockmap (0MB)

DONE downloaded=264 skipped=0 failed=0
